Microchip MPLAB XC8 Compiler V1.34 ()

Linker command line:

--edf=C:\Program Files\Microchip\xc8\v1.34\dat\en_msgs.txt -cs \
  -h+dist/default/production\display-7-segm.production.sym \
  --cmf=dist/default/production\display-7-segm.production.cmf -z -Q18F26J50 \
  -oC:\Users\Matias\AppData\Local\Temp\s1ti8.6 \
  -Mdist/default/production/display-7-segm.production.map -E1 -ver=XC8 \
  -ASTACK=0A3h-0ebfh -pstack=STACK -ACODE=00h-0FFF7h -ACONST=00h-0FFF7h \
  -ASMALLCONST=0F00h-0FFFhx240,0FF00h-0FFF7h -AMEDIUMCONST=0F00h-0FFF7h \
  -ACOMRAM=01h-05Fh -AABS1=00h-0EBFh -ABIGRAM=01h-0EBFh \
  -ARAM=060h-0FFh,0100h-01FFhx13,0E00h-0EBFh -ABANK0=060h-0FFh \
  -ABANK1=0100h-01FFh -ABANK2=0200h-02FFh -ABANK3=0300h-03FFh \
  -ABANK4=0400h-04FFh -ABANK5=0500h-05FFh -ABANK6=0600h-06FFh \
  -ABANK7=0700h-07FFh -ABANK8=0800h-08FFh -ABANK9=0900h-09FFh \
  -ABANK10=0A00h-0AFFh -ABANK11=0B00h-0BFFh -ABANK12=0C00h-0CFFh \
  -ABANK13=0D00h-0DFFh -ABANK14=0E00h-0EBFh \
  -ASFR=0EC0h-0EFFh,0F00h-0F5Fh,0F60h-0FFFh \
  -preset_vec=00h,intcode,intcodelo,powerup,init,end_init -pramtop=0F00h \
  -psmallconst=SMALLCONST -pmediumconst=MEDIUMCONST -pconst=CONST \
  -AFARRAM=00h-00h -ACONFIG=0FFF8h-0FFFFh -pconfig=CONFIG \
  -pjflash_buffer=0F800h \
  -prdata=COMRAM,nvrram=COMRAM,nvbit=COMRAM,rbss=COMRAM,rbit=COMRAM \
  -pfarbss=FARRAM,fardata=FARRAM,nvFARRAM=FARRAM \
  -pintsave_regs=BIGRAM,bigbss=BIGRAM,bigdata=BIGRAM -pbss=RAM \
  -pidata=CODE,irdata=CODE,ibigdata=CODE,ifardata=CODE -prparam=COMRAM \
  C:\Users\Matias\AppData\Local\Temp\s1ti8.obj \
  dist/default/production\display-7-segm.production.obj 

Object code version is 3.11

Machine type is 18F26J50

Call graph: (short form)




                Name                               Link     Load   Length Selector   Space Scale
C:\Users\Matias\AppData\Local\Temp\s1ti8.obj
                end_init                              0        0        4        0       0
                config                             FFF8     FFF8        8     FFF8       0
dist/default/production\display-7-segm.production.obj
                smallconst                          F00      F00        6      780       0
                text24                             1CE4     1CE4       12      783       0
                text23                             122A     122A      146      783       0
                text22                             1370     1370      10C      783       0
                text21                             18F2     18F2       96      783       0
                text20                             10CA     10CA      160      783       0
                text19                             1CD2     1CD2       12      783       0
                text18                             1CC0     1CC0       12      783       0
                text17                             1A08     1A08       76      783       0
                text16                             1C46     1C46       32      783       0
                text15                             1988     1988       80      783       0
                text14                             1BC8     1BC8       42      783       0
                text13                             1D12     1D12        2      783       0
                text12                             157E     157E      102      783       0
                text11                             1774     1774       C6      783       0
                text10                             1C0A     1C0A       3C      783       0
                text9                               F06      F06      1C4      783       0
                text8                              147C     147C      102      783       0
                text7                              1AEE     1AEE       54      783       0
                text6                              1A7E     1A7E       70      783       0
                text5                              1C78     1C78       28      783       0
                text4                              1CF6     1CF6       10      783       0
                text3                              1680     1680       F4      783       0
                text2                              1CA0     1CA0       20      783       0
                text1                              183A     183A       B8      783       0
                text0                              1B86     1B86       42      783       0
                cstackCOMRAM                          1        1       42        1       1
                bssBANK0                             60       60       3C       60       1
                dataCOMRAM                           43       43        C        1       1
                bssCOMRAM                            4F       4F        A        1       1
                bitbssCOMRAM                        2F8       5F        1        1       1     8
                cinit                              1B42     1B42       44      783       0
                nvBANK0                              9C       9C        7       60       1
                nvCOMRAM                             59       59        6        1       1
                idataCOMRAM                        1D06     1D06        C      783       0

TOTAL           Name                               Link     Load   Length     Space
        CLASS   STACK          

        CLASS   CODE           
                end_init                              0        0        4         0
                text24                             1CE4     1CE4       12         0
                text23                             122A     122A      146         0
                text22                             1370     1370      10C         0
                text21                             18F2     18F2       96         0
                text20                             10CA     10CA      160         0
                text19                             1CD2     1CD2       12         0
                text18                             1CC0     1CC0       12         0
                text17                             1A08     1A08       76         0
                text16                             1C46     1C46       32         0
                text15                             1988     1988       80         0
                text14                             1BC8     1BC8       42         0
                text13                             1D12     1D12        2         0
                text12                             157E     157E      102         0
                text11                             1774     1774       C6         0
                text10                             1C0A     1C0A       3C         0
                text9                               F06      F06      1C4         0
                text8                              147C     147C      102         0
                text7                              1AEE     1AEE       54         0
                text6                              1A7E     1A7E       70         0
                text5                              1C78     1C78       28         0
                text4                              1CF6     1CF6       10         0
                text3                              1680     1680       F4         0
                text2                              1CA0     1CA0       20         0
                text1                              183A     183A       B8         0
                text0                              1B86     1B86       42         0
                cinit                              1B42     1B42       44         0
                idataCOMRAM                        1D06     1D06        C         0

        CLASS   CONST          

        CLASS   SMALLCONST     
                smallconst                          F00      F00        6         0

        CLASS   MEDIUMCONST    

        CLASS   COMRAM         
                cstackCOMRAM                          1        1       42         1
                dataCOMRAM                           43       43        C         1
                bssCOMRAM                            4F       4F        A         1
                bitbssCOMRAM                        2F8       5F        1         1
                nvCOMRAM                             59       59        6         1

        CLASS   ABS1           

        CLASS   BIGRAM         

        CLASS   RAM            

        CLASS   BANK0          
                bssBANK0                             60       60       3C         1
                nvBANK0                              9C       9C        7         1

        CLASS   BANK1          

        CLASS   BANK2          

        CLASS   BANK3          

        CLASS   BANK4          

        CLASS   BANK5          

        CLASS   BANK6          

        CLASS   BANK7          

        CLASS   BANK8          

        CLASS   BANK9          

        CLASS   BANK10         

        CLASS   BANK11         

        CLASS   BANK12         

        CLASS   BANK13         

        CLASS   BANK14         

        CLASS   SFR            

        CLASS   FARRAM         

        CLASS   CONFIG         
                config                             FFF8     FFF8        8         0

        CLASS   IDLOC          



SEGMENTS        Name                           Load    Length   Top    Selector   Space  Class

                reset_vec                      000000  000004  000004         0       0  CODE    
                cstackCOMRAM                   000001  00005F  000060         1       1  COMRAM  
                bssBANK0                       000060  000043  0000A3        60       1  BANK0   
                smallconst                     000F00  000006  000F06       780       0  SMALLCON
                text9                          000F06  000E0E  001D14       783       0  CODE    
                config                         00FFF8  000008  010000      FFF8       0  CONFIG  


UNUSED ADDRESS RANGES

        Name                Unused          Largest block    Delta
        BANK0            000A3-000FF              5D
        BANK1            00100-001FF             100
        BANK10           00A00-00AFF             100
        BANK11           00B00-00BFF             100
        BANK12           00C00-00CFF             100
        BANK13           00D00-00DFF             100
        BANK14           00E00-00EBF              C0
        BANK2            00200-002FF             100
        BANK3            00300-003FF             100
        BANK4            00400-004FF             100
        BANK5            00500-005FF             100
        BANK6            00600-006FF             100
        BANK7            00700-007FF             100
        BANK8            00800-008FF             100
        BANK9            00900-009FF             100
        BIGRAM           000A3-00EBF             E1D
        CODE             00004-00EFF             EFC
                         01D14-0FFF7            E2E4
        CONST            00004-00EFF             EFC
                         01D14-0FFF7            E2E4
        MEDIUMCONST      01D14-0FFF7            E2E4
        RAM              000A3-00EBF             100
        SFR              00EC0-00FFF              60
        SMALLCONST       01D14-0FFF7             100
        STACK            000A3-00EBF             E1D

                                  Symbol Table

?___awdiv                       cstackCOMRAM  00001
?___awtoft                      cstackCOMRAM  00009
?___ftadd                       cstackCOMRAM  0001C
?___ftmul                       cstackCOMRAM  0000D
?___ftpack                      cstackCOMRAM  00001
?___fttol                       cstackCOMRAM  0002B
?___wmul                        cstackCOMRAM  00001
?_calculate_temperature         cstackCOMRAM  00028
?_read_temperature              cstackCOMRAM  0003A
Delay100TCYx@unit               cstackCOMRAM  00001
Delay1KTCYx@unit                cstackCOMRAM  00001
RtccWriteDate@di                cstackCOMRAM  00003
RtccWriteDate@pDt               cstackCOMRAM  00001
RtccWriteDate@tempDayMonth      cstackCOMRAM  0000A
RtccWriteDate@tempHourWDay      cstackCOMRAM  0000C
RtccWriteDate@tempYear          cstackCOMRAM  00007
RtccWriteDate@wasAlrm           cstackCOMRAM  00006
RtccWriteDate@wasOn             cstackCOMRAM  00005
RtccWriteDate@wasWrEn           cstackCOMRAM  00009
RtccWriteTime@di                cstackCOMRAM  00003
RtccWriteTime@pTm               cstackCOMRAM  00001
RtccWriteTime@tempHourWDay      cstackCOMRAM  0000A
RtccWriteTime@tempMinSec        cstackCOMRAM  00008
RtccWriteTime@wasAlrm           cstackCOMRAM  00006
RtccWriteTime@wasOn             cstackCOMRAM  00005
RtccWriteTime@wasWrEn           cstackCOMRAM  00007
_ADCON0                         (abs)         00FC2
_ADCON0bits                     (abs)         00FC2
_ADCON1                         (abs)         00FC1
_ADRESH                         (abs)         00FC4
_ALRMCFGbits                    (abs)         00F91
_ANCON0                         (abs)         00F48
_ANCON1                         (abs)         00F49
_Delay100TCYx                   text18        01CC0
_Delay1KTCYx                    text19        01CD2
_EECON2                         (abs)         00FA7
_INTCONbits                     (abs)         00FF2
_LATBbits                       (abs)         00F8A
_LCD_INIT_STRING                smallconst    00F01
_OSCCONbits                     (abs)         00FD3
_OSCTUNEbits                    (abs)         00F9B
_PIE3bits                       (abs)         00FA3
_PORTBbits                      (abs)         00F81
_PORTCbits                      (abs)         00F82
_RTCCFG                         (abs)         00F3F
_RTCCFGbits                     (abs)         00F3F
_RTCVALH                        (abs)         00F99
_RTCVALL                        (abs)         00F98
_RtccAlrmTimeDate               bssBANK0      00074
_RtccDate                       bssCOMRAM     00051
_RtccTime                       bssCOMRAM     00055
_RtccTimeDate                   bssBANK0      0007C
_RtccTimeVal                    bssBANK0      0008C
_RtccWrOn                       text24        01CE4
_RtccWriteDate                  text23        0122A
_RtccWriteTime                  text22        01370
_Rtcc_read_TimeDate             bssBANK0      00084
_Setup                          text14        01BC8
_T1CONbits                      (abs)         00FCD
_TRISA                          (abs)         00F92
_TRISB                          (abs)         00F93
_TRISBbits                      (abs)         00F93
_TRISC                          (abs)         00F94
_Write_RTC                      text20        010CA
__CFG_CP0$OFF                   (abs)         00000
__CFG_CPUDIV$OSC1               (abs)         00000
__CFG_DSBOREN$OFF               (abs)         00000
__CFG_DSWDTEN$OFF               (abs)         00000
__CFG_DSWDTOSC$INTOSCREF        (abs)         00000
__CFG_DSWDTPS$G2                (abs)         00000
__CFG_FCMEN$OFF                 (abs)         00000
__CFG_IESO$OFF                  (abs)         00000
__CFG_IOL1WAY$OFF               (abs)         00000
__CFG_LPT1OSC$OFF               (abs)         00000
__CFG_MSSP7B_EN$MSK7            (abs)         00000
__CFG_OSC$INTOSC                (abs)         00000
__CFG_PLLDIV$1                  (abs)         00000
__CFG_RTCOSC$T1OSCREF           (abs)         00000
__CFG_STVREN$ON                 (abs)         00000
__CFG_T1DIG$ON                  (abs)         00000
__CFG_WDTEN$OFF                 (abs)         00000
__CFG_WDTPS$32768               (abs)         00000
__CFG_WPCFG$OFF                 (abs)         00000
__CFG_WPDIS$OFF                 (abs)         00000
__CFG_XINST$OFF                 (abs)         00000
__HRAM                          (abs)         00000
__Habs1                         abs1          00000
__Hbank0                        bank0         00000
__Hbank1                        bank1         00000
__Hbank10                       bank10        00000
__Hbank11                       bank11        00000
__Hbank12                       bank12        00000
__Hbank13                       bank13        00000
__Hbank14                       bank14        00000
__Hbank2                        bank2         00000
__Hbank3                        bank3         00000
__Hbank4                        bank4         00000
__Hbank5                        bank5         00000
__Hbank6                        bank6         00000
__Hbank7                        bank7         00000
__Hbank8                        bank8         00000
__Hbank9                        bank9         00000
__Hbigbss                       bigbss        00000
__Hbigdata                      bigdata       00000
__Hbigram                       bigram        00000
__HbitbssCOMRAM                 bitbssCOMRAM  00000
__Hbss                          bss           00000
__HbssBANK0                     bssBANK0      00000
__HbssCOMRAM                    bssCOMRAM     00000
__Hcinit                        cinit         00000
__Hclrtext                      clrtext       00000
__Hcomram                       comram        00000
__Hconfig                       config        10000
__Hconst                        const         00000
__HcstackCOMRAM                 cstackCOMRAM  00000
__Hdata                         data          00000
__HdataCOMRAM                   dataCOMRAM    00000
__Hend_init                     end_init      00004
__Hfarbss                       farbss        00000
__Hfardata                      fardata       00000
__Hibigdata                     ibigdata      00000
__Hidata                        idata         00000
__HidataCOMRAM                  idataCOMRAM   00000
__Hidloc                        idloc         00000
__Hifardata                     ifardata      00000
__Hinit                         init          00000
__Hintcode                      intcode       00000
__Hintcode_body                 intcode_body  00000
__Hintcodelo                    intcodelo     00000
__Hintentry                     intentry      00000
__Hintret                       intret        00000
__Hintsave_regs                 intsave_regs  00000
__Hirdata                       irdata        00000
__Hjflash_buffer                jflash_buffer 0F800
__Hmediumconst                  mediumconst   00000
__HnvBANK0                      nvBANK0       00000
__HnvCOMRAM                     nvCOMRAM      00000
__HnvFARRAM                     nvFARRAM      00000
__Hnvbit                        nvbit         00000
__Hnvrram                       nvrram        00000
__Hparam                        rparam        00000
__Hpowerup                      powerup       00000
__Hram                          ram           00000
__Hramtop                       ramtop        00F00
__Hrbit                         rbit          00000
__Hrbss                         rbss          00000
__Hrdata                        rdata         00000
__Hreset_vec                    reset_vec     00000
__Hrparam                       rparam        00000
__Hsfr                          sfr           00000
__Hsmallconst                   smallconst    00F06
__Hspace_0                      (abs)         10000
__Hspace_1                      (abs)         002F9
__Hspace_2                      (abs)         00000
__Hstack                        stack         00000
__Hstruct                       struct        00000
__Htemp                         temp          00000
__Htext                         text          00000
__Htext0                        text0         00000
__Htext1                        text1         00000
__Htext10                       text10        00000
__Htext11                       text11        00000
__Htext12                       text12        00000
__Htext13                       text13        00000
__Htext14                       text14        00000
__Htext15                       text15        00000
__Htext16                       text16        00000
__Htext17                       text17        00000
__Htext18                       text18        00000
__Htext19                       text19        00000
__Htext2                        text2         00000
__Htext20                       text20        00000
__Htext21                       text21        00000
__Htext22                       text22        00000
__Htext23                       text23        00000
__Htext24                       text24        00000
__Htext3                        text3         00000
__Htext4                        text4         00000
__Htext5                        text5         00000
__Htext6                        text6         00000
__Htext7                        text7         00000
__Htext8                        text8         00000
__Htext9                        text9         00000
__LRAM                          (abs)         00001
__Labs1                         abs1          00000
__Lbank0                        bank0         00000
__Lbank1                        bank1         00000
__Lbank10                       bank10        00000
__Lbank11                       bank11        00000
__Lbank12                       bank12        00000
__Lbank13                       bank13        00000
__Lbank14                       bank14        00000
__Lbank2                        bank2         00000
__Lbank3                        bank3         00000
__Lbank4                        bank4         00000
__Lbank5                        bank5         00000
__Lbank6                        bank6         00000
__Lbank7                        bank7         00000
__Lbank8                        bank8         00000
__Lbank9                        bank9         00000
__Lbigbss                       bigbss        00000
__Lbigdata                      bigdata       00000
__Lbigram                       bigram        00000
__LbitbssCOMRAM                 bitbssCOMRAM  00000
__Lbss                          bss           00000
__LbssBANK0                     bssBANK0      00000
__LbssCOMRAM                    bssCOMRAM     00000
__Lcinit                        cinit         00000
__Lclrtext                      clrtext       00000
__Lcomram                       comram        00000
__Lconfig                       config        0FFF8
__Lconst                        const         00000
__LcstackCOMRAM                 cstackCOMRAM  00000
__Ldata                         data          00000
__LdataCOMRAM                   dataCOMRAM    00000
__Lend_init                     end_init      00000
__Lfarbss                       farbss        00000
__Lfardata                      fardata       00000
__Libigdata                     ibigdata      00000
__Lidata                        idata         00000
__LidataCOMRAM                  idataCOMRAM   00000
__Lidloc                        idloc         00000
__Lifardata                     ifardata      00000
__Linit                         init          00000
__Lintcode                      intcode       00000
__Lintcode_body                 intcode_body  00000
__Lintcodelo                    intcodelo     00000
__Lintentry                     intentry      00000
__Lintret                       intret        00000
__Lintsave_regs                 intsave_regs  00000
__Lirdata                       irdata        00000
__Ljflash_buffer                jflash_buffer 0F800
__Lmediumconst                  mediumconst   00000
__LnvBANK0                      nvBANK0       00000
__LnvCOMRAM                     nvCOMRAM      00000
__LnvFARRAM                     nvFARRAM      00000
__Lnvbit                        nvbit         00000
__Lnvrram                       nvrram        00000
__Lparam                        rparam        00000
__Lpowerup                      powerup       00000
__Lram                          ram           00000
__Lramtop                       ramtop        00F00
__Lrbit                         rbit          00000
__Lrbss                         rbss          00000
__Lrdata                        rdata         00000
__Lreset_vec                    reset_vec     00000
__Lrparam                       rparam        00000
__Lsfr                          sfr           00000
__Lsmallconst                   smallconst    00F00
__Lspace_0                      (abs)         00000
__Lspace_1                      (abs)         00000
__Lspace_2                      (abs)         00000
__Lstack                        stack         00000
__Lstruct                       struct        00000
__Ltemp                         temp          00000
__Ltext                         text          00000
__Ltext0                        text0         00000
__Ltext1                        text1         00000
__Ltext10                       text10        00000
__Ltext11                       text11        00000
__Ltext12                       text12        00000
__Ltext13                       text13        00000
__Ltext14                       text14        00000
__Ltext15                       text15        00000
__Ltext16                       text16        00000
__Ltext17                       text17        00000
__Ltext18                       text18        00000
__Ltext19                       text19        00000
__Ltext2                        text2         00000
__Ltext20                       text20        00000
__Ltext21                       text21        00000
__Ltext22                       text22        00000
__Ltext23                       text23        00000
__Ltext24                       text24        00000
__Ltext3                        text3         00000
__Ltext4                        text4         00000
__Ltext5                        text5         00000
__Ltext6                        text6         00000
__Ltext7                        text7         00000
__Ltext8                        text8         00000
__Ltext9                        text9         00000
__S0                            (abs)         10000
__S1                            (abs)         000A3
__S2                            (abs)         00000
___awdiv                        text21        018F2
___awdiv@counter                cstackCOMRAM  00005
___awdiv@dividend               cstackCOMRAM  00001
___awdiv@divisor                cstackCOMRAM  00003
___awdiv@quotient               cstackCOMRAM  00007
___awdiv@sign                   cstackCOMRAM  00006
___awtoft                       text10        01C0A
___awtoft@c                     cstackCOMRAM  00009
___awtoft@sign                  cstackCOMRAM  0000C
___ftadd                        text9         00F06
___ftadd@exp1                   cstackCOMRAM  00027
___ftadd@exp2                   cstackCOMRAM  00026
___ftadd@f1                     cstackCOMRAM  0001C
___ftadd@f2                     cstackCOMRAM  0001F
___ftadd@sign                   cstackCOMRAM  00025
___ftmul                        text8         0147C
___ftmul@cntr                   cstackCOMRAM  0001A
___ftmul@exp                    cstackCOMRAM  00016
___ftmul@f1                     cstackCOMRAM  0000D
___ftmul@f2                     cstackCOMRAM  00010
___ftmul@f3_as_product          cstackCOMRAM  00017
___ftmul@sign                   cstackCOMRAM  0001B
___ftpack                       text11        01774
___ftpack@arg                   cstackCOMRAM  00001
___ftpack@exp                   cstackCOMRAM  00004
___ftpack@sign                  cstackCOMRAM  00005
___fttol                        text12        0157E
___fttol@exp1                   cstackCOMRAM  00039
___fttol@f1                     cstackCOMRAM  0002B
___fttol@lval                   cstackCOMRAM  00035
___fttol@sign1                  cstackCOMRAM  00034
___inthi_sp                     stack         00000
___intlo_sp                     stack         00000
___param_bank                   (abs)         00010
___rparam_used                  (abs)         00001
___sp                           stack         00000
___wmul                         text5         01C78
___wmul@multiplicand            cstackCOMRAM  00003
___wmul@multiplier              cstackCOMRAM  00001
___wmul@product                 cstackCOMRAM  00005
__accesstop                     (abs)         00060
__activetblptr                  (abs)         00002
__end_of_Delay100TCYx           text18        01CD2
__end_of_Delay1KTCYx            text19        01CE4
__end_of_LCD_INIT_STRING        smallconst    00F05
__end_of_RtccWrOn               text24        01CF6
__end_of_RtccWriteDate          text23        01370
__end_of_RtccWriteTime          text22        0147C
__end_of_Setup                  text14        01C0A
__end_of_Write_RTC              text20        0122A
__end_of___awdiv                text21        01988
__end_of___awtoft               text10        01C46
__end_of___ftadd                text9         010CA
__end_of___ftmul                text8         0157E
__end_of___ftpack               text11        0183A
__end_of___fttol                text12        01680
__end_of___wmul                 text5         01CA0
__end_of__initialization        cinit         01B7C
__end_of_calculate_temperature  text7         01B42
__end_of_caratula               text13        01D14
__end_of_clear_Segment          text4         01D06
__end_of_lcd_init               text15        01A08
__end_of_lcd_send_byte          text16        01C78
__end_of_lcd_send_nibble        text17        01A7E
__end_of_main                   text0         01BC8
__end_of_on_number              text3         01774
__end_of_on_numbers             text2         01CC0
__end_of_read_temperature       text6         01AEE
__end_of_write                  text1         018F2
__initialization                cinit         01B42
__mediumconst                   mediumconst   00000
__pbitbssCOMRAM                 bitbssCOMRAM  002F8
__pbssBANK0                     bssBANK0      00060
__pbssCOMRAM                    bssCOMRAM     0004F
__pcinit                        cinit         01B42
__pcstackCOMRAM                 cstackCOMRAM  00001
__pdataCOMRAM                   dataCOMRAM    00043
__pidataCOMRAM                  idataCOMRAM   01D06
__pnvBANK0                      nvBANK0       0009C
__pnvCOMRAM                     nvCOMRAM      00059
__psmallconst                   smallconst    00F00
__ptext0                        text0         01B86
__ptext1                        text1         0183A
__ptext10                       text10        01C0A
__ptext11                       text11        01774
__ptext12                       text12        0157E
__ptext13                       text13        01D12
__ptext14                       text14        01BC8
__ptext15                       text15        01988
__ptext16                       text16        01C46
__ptext17                       text17        01A08
__ptext18                       text18        01CC0
__ptext19                       text19        01CD2
__ptext2                        text2         01CA0
__ptext20                       text20        010CA
__ptext21                       text21        018F2
__ptext22                       text22        01370
__ptext23                       text23        0122A
__ptext24                       text24        01CE4
__ptext3                        text3         01680
__ptext4                        text4         01CF6
__ptext5                        text5         01C78
__ptext6                        text6         01A7E
__ptext7                        text7         01AEE
__ptext8                        text8         0147C
__ptext9                        text9         00F06
__ramtop                        ramtop        00F00
__size_of_Delay100TCYx          (abs)         00000
__size_of_Delay1KTCYx           (abs)         00000
__size_of_RtccWrOn              (abs)         00000
__size_of_RtccWriteDate         (abs)         00000
__size_of_RtccWriteTime         (abs)         00000
__size_of_Setup                 (abs)         00000
__size_of_Write_RTC             (abs)         00000
__size_of___awdiv               (abs)         00000
__size_of___awtoft              (abs)         00000
__size_of___ftadd               (abs)         00000
__size_of___ftmul               (abs)         00000
__size_of___ftpack              (abs)         00000
__size_of___fttol               (abs)         00000
__size_of___wmul                (abs)         00000
__size_of_calculate_temperature (abs)         00000
__size_of_caratula              (abs)         00000
__size_of_clear_Segment         (abs)         00000
__size_of_lcd_init              (abs)         00000
__size_of_lcd_send_byte         (abs)         00000
__size_of_lcd_send_nibble       (abs)         00000
__size_of_main                  (abs)         00000
__size_of_on_number             (abs)         00000
__size_of_on_numbers            (abs)         00000
__size_of_read_temperature      (abs)         00000
__size_of_write                 (abs)         00000
__smallconst                    smallconst    00F00
_a                              bssBANK0      00090
_anio                           dataCOMRAM    00043
_anio_d                         nvCOMRAM      00059
_anio_u                         nvBANK0       0009C
_b                              bssBANK0      00092
_buffer2                        bssBANK0      00060
_c                              bssBANK0      00094
_calculate_temperature          text7         01AEE
_caratula                       text13        01D12
_clear_Segment                  text4         01CF6
_dia                            dataCOMRAM    00045
_dia_semana                     nvBANK0       0009D
_diasem                         dataCOMRAM    00047
_fecha_d                        nvCOMRAM      0005A
_fecha_u                        nvBANK0       0009E
_flag                           bitbssCOMRAM  002F8
_hora                           dataCOMRAM    00049
_hora_d                         nvCOMRAM      0005B
_hora_u                         nvBANK0       0009F
_i                              bssBANK0      00096
_j                              bssBANK0      00098
_k                              bssBANK0      0009A
_lcd_init                       text15        01988
_lcd_send_byte                  text16        01C46
_lcd_send_nibble                text17        01A08
_main                           text0         01B86
_mes                            dataCOMRAM    0004B
_mes_d                          nvCOMRAM      0005C
_mes_u                          nvBANK0       000A0
_minuto                         dataCOMRAM    0004D
_minuto_d                       nvCOMRAM      0005D
_minuto_u                       nvBANK0       000A1
_on_number                      text3         01680
_on_numbers                     text2         01CA0
_read_temperature               text6         01A7E
_segundo                        bssCOMRAM     0004F
_segundo_d                      nvCOMRAM      0005E
_segundo_u                      nvBANK0       000A2
_write                          text1         0183A
calculate_temperature@voltage   cstackCOMRAM  00028
end_of_initialization           cinit         01B7C
intlevel0                       text          00000
intlevel1                       text          00000
intlevel2                       text          00000
intlevel3                       text          00000
lcd_init@i                      cstackCOMRAM  00005
lcd_send_byte@address           cstackCOMRAM  00004
lcd_send_byte@n                 cstackCOMRAM  00003
lcd_send_nibble@nibble          cstackCOMRAM  00002
main@count                      cstackCOMRAM  00041
main@temperature                cstackCOMRAM  0003F
on_number@number                cstackCOMRAM  00001
on_numbers@number               cstackCOMRAM  00005
on_numbers@uni                  cstackCOMRAM  00007
read_temperature@voltage        cstackCOMRAM  0003D
stackhi                         (abs)         00EBF
stacklo                         (abs)         000A3
start                           init          00000
start_initialization            cinit         01B42
write@dec                       cstackCOMRAM  0000E
write@number                    cstackCOMRAM  00009
write@time                      cstackCOMRAM  00010
write@uni                       cstackCOMRAM  0000C


FUNCTION INFORMATION:

 *************** function _main *****************
 Defined at:
		line 77 in file "main.c"
 Parameters:    Size  Location     Type
		None
 Auto vars:     Size  Location     Type
  temperature     2   62[COMRAM] short 
  count           2   64[COMRAM] short 
 Return value:  Size  Location     Type
                  2  120[None  ] int 
 Registers used:
		wreg, fsr2l, fsr2h, status,2, status,0, tblptrl, tblptrh, tblptru, prodl, prodh, cstack
 Tracked objects:
		On entry : 
		On exit  : 
		Unchanged: 
 Data sizes:     COMRAM   BANK0   BANK1   BANK2   BANK3   BANK4   BANK5   BANK6   BANK7   BANK8   BANK9  BANK10  BANK11  BANK12  BANK13  BANK14
      Params:         0       0       0       0       0       0       0       0       0       0       0       0       0       0       0       0
      Locals:         4       0       0       0       0       0       0       0       0       0       0       0       0       0       0       0
      Temps:          0       0       0       0       0       0       0       0       0       0       0       0       0       0       0       0
      Totals:         4       0       0       0       0       0       0       0       0       0       0       0       0       0       0       0
Total ram usage:        4 bytes
 Hardware stack levels required when called:    4
 This function calls:
		_Setup
		_caratula
		_read_temperature
		_write
 This function is called by:
		Startup code after reset
 This function uses a non-reentrant model


 *************** function _write *****************
 Defined at:
		line 70 in file "display7seg.c"
 Parameters:    Size  Location     Type
  number          2    8[COMRAM] short 
 Auto vars:     Size  Location     Type
  time            2   15[COMRAM] int 
  dec             2   13[COMRAM] short 
  uni             2   11[COMRAM] short 
 Return value:  Size  Location     Type
		None               void
 Registers used:
		wreg, status,2, status,0, prodl, prodh, cstack
 Tracked objects:
		On entry : 
		On exit  : 
		Unchanged: 
 Data sizes:     COMRAM   BANK0   BANK1   BANK2   BANK3   BANK4   BANK5   BANK6   BANK7   BANK8   BANK9  BANK10  BANK11  BANK12  BANK13  BANK14
      Params:         2       0       0       0       0       0       0       0       0       0       0       0       0       0       0       0
      Locals:         6       0       0       0       0       0       0       0       0       0       0       0       0       0       0       0
      Temps:          1       0       0       0       0       0       0       0       0       0       0       0       0       0       0       0
      Totals:         9       0       0       0       0       0       0       0       0       0       0       0       0       0       0       0
Total ram usage:        9 bytes
 Hardware stack levels used:    1
 Hardware stack levels required when called:    2
 This function calls:
		___awdiv
		___wmul
		_clear_Segment
		_on_numbers
 This function is called by:
		_main
 This function uses a non-reentrant model


 *************** function _on_numbers *****************
 Defined at:
		line 58 in file "display7seg.c"
 Parameters:    Size  Location     Type
  number          2    4[COMRAM] short 
  uni             1    6[COMRAM] unsigned char 
 Auto vars:     Size  Location     Type
		None
 Return value:  Size  Location     Type
		None               void
 Registers used:
		wreg, status,2, status,0, cstack
 Tracked objects:
		On entry : 
		On exit  : 
		Unchanged: 
 Data sizes:     COMRAM   BANK0   BANK1   BANK2   BANK3   BANK4   BANK5   BANK6   BANK7   BANK8   BANK9  BANK10  BANK11  BANK12  BANK13  BANK14
      Params:         3       0       0       0       0       0       0       0       0       0       0       0       0       0       0       0
      Locals:         0       0       0       0       0       0       0       0       0       0       0       0       0       0       0       0
      Temps:          0       0       0       0       0       0       0       0       0       0       0       0       0       0       0       0
      Totals:         3       0       0       0       0       0       0       0       0       0       0       0       0       0       0       0
Total ram usage:        3 bytes
 Hardware stack levels used:    1
 Hardware stack levels required when called:    1
 This function calls:
		_on_number
 This function is called by:
		_write
 This function uses a non-reentrant model


 *************** function _on_number *****************
 Defined at:
		line 3 in file "display7seg.c"
 Parameters:    Size  Location     Type
  number          2    0[COMRAM] short 
 Auto vars:     Size  Location     Type
		None
 Return value:  Size  Location     Type
		None               void
 Registers used:
		wreg, status,2, status,0
 Tracked objects:
		On entry : 
		On exit  : 
		Unchanged: 
 Data sizes:     COMRAM   BANK0   BANK1   BANK2   BANK3   BANK4   BANK5   BANK6   BANK7   BANK8   BANK9  BANK10  BANK11  BANK12  BANK13  BANK14
      Params:         2       0       0       0       0       0       0       0       0       0       0       0       0       0       0       0
      Locals:         0       0       0       0       0       0       0       0       0       0       0       0       0       0       0       0
      Temps:          2       0       0       0       0       0       0       0       0       0       0       0       0       0       0       0
      Totals:         4       0       0       0       0       0       0       0       0       0       0       0       0       0       0       0
Total ram usage:        4 bytes
 Hardware stack levels used:    1
 This function calls:
		Nothing
 This function is called by:
		_on_numbers
 This function uses a non-reentrant model


 *************** function _clear_Segment *****************
 Defined at:
		line 48 in file "display7seg.c"
 Parameters:    Size  Location     Type
		None
 Auto vars:     Size  Location     Type
		None
 Return value:  Size  Location     Type
		None               void
 Registers used:
		None
 Tracked objects:
		On entry : 
		On exit  : 
		Unchanged: 
 Data sizes:     COMRAM   BANK0   BANK1   BANK2   BANK3   BANK4   BANK5   BANK6   BANK7   BANK8   BANK9  BANK10  BANK11  BANK12  BANK13  BANK14
      Params:         0       0       0       0       0       0       0       0       0       0       0       0       0       0       0       0
      Locals:         0       0       0       0       0       0       0       0       0       0       0       0       0       0       0       0
      Temps:          0       0       0       0       0       0       0       0       0       0       0       0       0       0       0       0
      Totals:         0       0       0       0       0       0       0       0       0       0       0       0       0       0       0       0
Total ram usage:        0 bytes
 Hardware stack levels used:    1
 This function calls:
		Nothing
 This function is called by:
		_write
 This function uses a non-reentrant model


 *************** function ___wmul *****************
 Defined at:
		line 15 in file "C:\Program Files\Microchip\xc8\v1.34\sources\common\Umul16.c"
 Parameters:    Size  Location     Type
  multiplier      2    0[COMRAM] unsigned int 
  multiplicand    2    2[COMRAM] unsigned int 
 Auto vars:     Size  Location     Type
  product         2    4[COMRAM] unsigned int 
 Return value:  Size  Location     Type
                  2    0[COMRAM] unsigned int 
 Registers used:
		wreg, status,2, status,0, prodl, prodh
 Tracked objects:
		On entry : 
		On exit  : 
		Unchanged: 
 Data sizes:     COMRAM   BANK0   BANK1   BANK2   BANK3   BANK4   BANK5   BANK6   BANK7   BANK8   BANK9  BANK10  BANK11  BANK12  BANK13  BANK14
      Params:         4       0       0       0       0       0       0       0       0       0       0       0       0       0       0       0
      Locals:         2       0       0       0       0       0       0       0       0       0       0       0       0       0       0       0
      Temps:          0       0       0       0       0       0       0       0       0       0       0       0       0       0       0       0
      Totals:         6       0       0       0       0       0       0       0       0       0       0       0       0       0       0       0
Total ram usage:        6 bytes
 Hardware stack levels used:    1
 This function calls:
		Nothing
 This function is called by:
		_write
 This function uses a non-reentrant model


 *************** function _read_temperature *****************
 Defined at:
		line 7 in file "ADconversor.c"
 Parameters:    Size  Location     Type
		None
 Auto vars:     Size  Location     Type
  voltage         2   60[COMRAM] int 
 Return value:  Size  Location     Type
                  2   57[COMRAM] int 
 Registers used:
		wreg, status,2, status,0, cstack
 Tracked objects:
		On entry : 
		On exit  : 
		Unchanged: 
 Data sizes:     COMRAM   BANK0   BANK1   BANK2   BANK3   BANK4   BANK5   BANK6   BANK7   BANK8   BANK9  BANK10  BANK11  BANK12  BANK13  BANK14
      Params:         2       0       0       0       0       0       0       0       0       0       0       0       0       0       0       0
      Locals:         2       0       0       0       0       0       0       0       0       0       0       0       0       0       0       0
      Temps:          1       0       0       0       0       0       0       0       0       0       0       0       0       0       0       0
      Totals:         5       0       0       0       0       0       0       0       0       0       0       0       0       0       0       0
Total ram usage:        5 bytes
 Hardware stack levels used:    1
 Hardware stack levels required when called:    3
 This function calls:
		___fttol
		_calculate_temperature
 This function is called by:
		_main
 This function uses a non-reentrant model


 *************** function _calculate_temperature *****************
 Defined at:
		line 3 in file "ADconversor.c"
 Parameters:    Size  Location     Type
  voltage         2   39[COMRAM] int 
 Auto vars:     Size  Location     Type
		None
 Return value:  Size  Location     Type
                  3   39[COMRAM] float 
 Registers used:
		wreg, status,2, status,0, cstack
 Tracked objects:
		On entry : 
		On exit  : 
		Unchanged: 
 Data sizes:     COMRAM   BANK0   BANK1   BANK2   BANK3   BANK4   BANK5   BANK6   BANK7   BANK8   BANK9  BANK10  BANK11  BANK12  BANK13  BANK14
      Params:         3       0       0       0       0       0       0       0       0       0       0       0       0       0       0       0
      Locals:         0       0       0       0       0       0       0       0       0       0       0       0       0       0       0       0
      Temps:          0       0       0       0       0       0       0       0       0       0       0       0       0       0       0       0
      Totals:         3       0       0       0       0       0       0       0       0       0       0       0       0       0       0       0
Total ram usage:        3 bytes
 Hardware stack levels used:    1
 Hardware stack levels required when called:    2
 This function calls:
		___awtoft
		___ftadd
		___ftmul
 This function is called by:
		_read_temperature
 This function uses a non-reentrant model


 *************** function ___ftmul *****************
 Defined at:
		line 62 in file "C:\Program Files\Microchip\xc8\v1.34\sources\common\ftmul.c"
 Parameters:    Size  Location     Type
  f1              3   12[COMRAM] float 
  f2              3   15[COMRAM] float 
 Auto vars:     Size  Location     Type
  f3_as_produc    3   22[COMRAM] unsigned um
  sign            1   26[COMRAM] unsigned char 
  cntr            1   25[COMRAM] unsigned char 
  exp             1   21[COMRAM] unsigned char 
 Return value:  Size  Location     Type
                  3   12[COMRAM] float 
 Registers used:
		wreg, status,2, status,0, cstack
 Tracked objects:
		On entry : 
		On exit  : 
		Unchanged: 
 Data sizes:     COMRAM   BANK0   BANK1   BANK2   BANK3   BANK4   BANK5   BANK6   BANK7   BANK8   BANK9  BANK10  BANK11  BANK12  BANK13  BANK14
      Params:         6       0       0       0       0       0       0       0       0       0       0       0       0       0       0       0
      Locals:         6       0       0       0       0       0       0       0       0       0       0       0       0       0       0       0
      Temps:          3       0       0       0       0       0       0       0       0       0       0       0       0       0       0       0
      Totals:        15       0       0       0       0       0       0       0       0       0       0       0       0       0       0       0
Total ram usage:       15 bytes
 Hardware stack levels used:    1
 Hardware stack levels required when called:    1
 This function calls:
		___ftpack
 This function is called by:
		_calculate_temperature
 This function uses a non-reentrant model


 *************** function ___ftadd *****************
 Defined at:
		line 86 in file "C:\Program Files\Microchip\xc8\v1.34\sources\common\ftadd.c"
 Parameters:    Size  Location     Type
  f1              3   27[COMRAM] float 
  f2              3   30[COMRAM] float 
 Auto vars:     Size  Location     Type
  exp1            1   38[COMRAM] unsigned char 
  exp2            1   37[COMRAM] unsigned char 
  sign            1   36[COMRAM] unsigned char 
 Return value:  Size  Location     Type
                  3   27[COMRAM] float 
 Registers used:
		wreg, status,2, status,0, cstack
 Tracked objects:
		On entry : 
		On exit  : 
		Unchanged: 
 Data sizes:     COMRAM   BANK0   BANK1   BANK2   BANK3   BANK4   BANK5   BANK6   BANK7   BANK8   BANK9  BANK10  BANK11  BANK12  BANK13  BANK14
      Params:         6       0       0       0       0       0       0       0       0       0       0       0       0       0       0       0
      Locals:         3       0       0       0       0       0       0       0       0       0       0       0       0       0       0       0
      Temps:          3       0       0       0       0       0       0       0       0       0       0       0       0       0       0       0
      Totals:        12       0       0       0       0       0       0       0       0       0       0       0       0       0       0       0
Total ram usage:       12 bytes
 Hardware stack levels used:    1
 Hardware stack levels required when called:    1
 This function calls:
		___ftpack
 This function is called by:
		_calculate_temperature
 This function uses a non-reentrant model


 *************** function ___awtoft *****************
 Defined at:
		line 32 in file "C:\Program Files\Microchip\xc8\v1.34\sources\common\awtoft.c"
 Parameters:    Size  Location     Type
  c               2    8[COMRAM] int 
 Auto vars:     Size  Location     Type
  sign            1   11[COMRAM] unsigned char 
 Return value:  Size  Location     Type
                  3    8[COMRAM] float 
 Registers used:
		wreg, status,2, status,0, cstack
 Tracked objects:
		On entry : 
		On exit  : 
		Unchanged: 
 Data sizes:     COMRAM   BANK0   BANK1   BANK2   BANK3   BANK4   BANK5   BANK6   BANK7   BANK8   BANK9  BANK10  BANK11  BANK12  BANK13  BANK14
      Params:         3       0       0       0       0       0       0       0       0       0       0       0       0       0       0       0
      Locals:         1       0       0       0       0       0       0       0       0       0       0       0       0       0       0       0
      Temps:          0       0       0       0       0       0       0       0       0       0       0       0       0       0       0       0
      Totals:         4       0       0       0       0       0       0       0       0       0       0       0       0       0       0       0
Total ram usage:        4 bytes
 Hardware stack levels used:    1
 Hardware stack levels required when called:    1
 This function calls:
		___ftpack
 This function is called by:
		_calculate_temperature
 This function uses a non-reentrant model


 *************** function ___ftpack *****************
 Defined at:
		line 62 in file "C:\Program Files\Microchip\xc8\v1.34\sources\common\float.c"
 Parameters:    Size  Location     Type
  arg             3    0[COMRAM] unsigned um
  exp             1    3[COMRAM] unsigned char 
  sign            1    4[COMRAM] unsigned char 
 Auto vars:     Size  Location     Type
		None
 Return value:  Size  Location     Type
                  3    0[COMRAM] float 
 Registers used:
		wreg, status,2, status,0
 Tracked objects:
		On entry : 
		On exit  : 
		Unchanged: 
 Data sizes:     COMRAM   BANK0   BANK1   BANK2   BANK3   BANK4   BANK5   BANK6   BANK7   BANK8   BANK9  BANK10  BANK11  BANK12  BANK13  BANK14
      Params:         5       0       0       0       0       0       0       0       0       0       0       0       0       0       0       0
      Locals:         0       0       0       0       0       0       0       0       0       0       0       0       0       0       0       0
      Temps:          3       0       0       0       0       0       0       0       0       0       0       0       0       0       0       0
      Totals:         8       0       0       0       0       0       0       0       0       0       0       0       0       0       0       0
Total ram usage:        8 bytes
 Hardware stack levels used:    1
 This function calls:
		Nothing
 This function is called by:
		___awtoft
		___ftadd
		___ftmul
 This function uses a non-reentrant model


 *************** function ___fttol *****************
 Defined at:
		line 44 in file "C:\Program Files\Microchip\xc8\v1.34\sources\common\fttol.c"
 Parameters:    Size  Location     Type
  f1              3   42[COMRAM] float 
 Auto vars:     Size  Location     Type
  lval            4   52[COMRAM] unsigned long 
  exp1            1   56[COMRAM] unsigned char 
  sign1           1   51[COMRAM] unsigned char 
 Return value:  Size  Location     Type
                  4   42[COMRAM] long 
 Registers used:
		wreg, status,2, status,0
 Tracked objects:
		On entry : 
		On exit  : 
		Unchanged: 
 Data sizes:     COMRAM   BANK0   BANK1   BANK2   BANK3   BANK4   BANK5   BANK6   BANK7   BANK8   BANK9  BANK10  BANK11  BANK12  BANK13  BANK14
      Params:         4       0       0       0       0       0       0       0       0       0       0       0       0       0       0       0
      Locals:         6       0       0       0       0       0       0       0       0       0       0       0       0       0       0       0
      Temps:          5       0       0       0       0       0       0       0       0       0       0       0       0       0       0       0
      Totals:        15       0       0       0       0       0       0       0       0       0       0       0       0       0       0       0
Total ram usage:       15 bytes
 Hardware stack levels used:    1
 This function calls:
		Nothing
 This function is called by:
		_read_temperature
 This function uses a non-reentrant model


 *************** function _caratula *****************
 Defined at:
		line 12 in file "main.c"
 Parameters:    Size  Location     Type
		None
 Auto vars:     Size  Location     Type
		None
 Return value:  Size  Location     Type
		None               void
 Registers used:
		None
 Tracked objects:
		On entry : 
		On exit  : 
		Unchanged: 
 Data sizes:     COMRAM   BANK0   BANK1   BANK2   BANK3   BANK4   BANK5   BANK6   BANK7   BANK8   BANK9  BANK10  BANK11  BANK12  BANK13  BANK14
      Params:         0       0       0       0       0       0       0       0       0       0       0       0       0       0       0       0
      Locals:         0       0       0       0       0       0       0       0       0       0       0       0       0       0       0       0
      Temps:          0       0       0       0       0       0       0       0       0       0       0       0       0       0       0       0
      Totals:         0       0       0       0       0       0       0       0       0       0       0       0       0       0       0       0
Total ram usage:        0 bytes
 Hardware stack levels used:    1
 This function calls:
		Nothing
 This function is called by:
		_main
 This function uses a non-reentrant model


 *************** function _Setup *****************
 Defined at:
		line 32 in file "main.c"
 Parameters:    Size  Location     Type
		None
 Auto vars:     Size  Location     Type
		None
 Return value:  Size  Location     Type
		None               void
 Registers used:
		wreg, fsr2l, fsr2h, status,2, status,0, tblptrl, tblptrh, tblptru, prodl, prodh, cstack
 Tracked objects:
		On entry : 
		On exit  : 
		Unchanged: 
 Data sizes:     COMRAM   BANK0   BANK1   BANK2   BANK3   BANK4   BANK5   BANK6   BANK7   BANK8   BANK9  BANK10  BANK11  BANK12  BANK13  BANK14
      Params:         0       0       0       0       0       0       0       0       0       0       0       0       0       0       0       0
      Locals:         0       0       0       0       0       0       0       0       0       0       0       0       0       0       0       0
      Temps:          0       0       0       0       0       0       0       0       0       0       0       0       0       0       0       0
      Totals:         0       0       0       0       0       0       0       0       0       0       0       0       0       0       0       0
Total ram usage:        0 bytes
 Hardware stack levels used:    1
 Hardware stack levels required when called:    3
 This function calls:
		_Write_RTC
		_lcd_init
 This function is called by:
		_main
 This function uses a non-reentrant model


 *************** function _lcd_init *****************
 Defined at:
		line 119 in file "C:/Archivos de programa/Unimic/unmc_01/sources/unmc_lcd_216.c"
 Parameters:    Size  Location     Type
		None
 Auto vars:     Size  Location     Type
  i               1    4[COMRAM] unsigned char 
 Return value:  Size  Location     Type
		None               void
 Registers used:
		wreg, status,2, status,0, tblptrl, tblptrh, tblptru, prodl, prodh, cstack
 Tracked objects:
		On entry : 
		On exit  : 
		Unchanged: 
 Data sizes:     COMRAM   BANK0   BANK1   BANK2   BANK3   BANK4   BANK5   BANK6   BANK7   BANK8   BANK9  BANK10  BANK11  BANK12  BANK13  BANK14
      Params:         0       0       0       0       0       0       0       0       0       0       0       0       0       0       0       0
      Locals:         1       0       0       0       0       0       0       0       0       0       0       0       0       0       0       0
      Temps:          0       0       0       0       0       0       0       0       0       0       0       0       0       0       0       0
      Totals:         1       0       0       0       0       0       0       0       0       0       0       0       0       0       0       0
Total ram usage:        1 bytes
 Hardware stack levels used:    1
 Hardware stack levels required when called:    2
 This function calls:
		_Delay1KTCYx
		_lcd_send_byte
		_lcd_send_nibble
 This function is called by:
		_Setup
 This function uses a non-reentrant model


 *************** function _lcd_send_byte *****************
 Defined at:
		line 86 in file "C:/Archivos de programa/Unimic/unmc_01/sources/unmc_lcd_216.c"
 Parameters:    Size  Location     Type
  address         1    wreg     unsigned char 
  n               1    2[COMRAM] unsigned char 
 Auto vars:     Size  Location     Type
  address         1    3[COMRAM] unsigned char 
 Return value:  Size  Location     Type
		None               void
 Registers used:
		wreg, status,2, status,0, cstack
 Tracked objects:
		On entry : 
		On exit  : 
		Unchanged: 
 Data sizes:     COMRAM   BANK0   BANK1   BANK2   BANK3   BANK4   BANK5   BANK6   BANK7   BANK8   BANK9  BANK10  BANK11  BANK12  BANK13  BANK14
      Params:         1       0       0       0       0       0       0       0       0       0       0       0       0       0       0       0
      Locals:         1       0       0       0       0       0       0       0       0       0       0       0       0       0       0       0
      Temps:          0       0       0       0       0       0       0       0       0       0       0       0       0       0       0       0
      Totals:         2       0       0       0       0       0       0       0       0       0       0       0       0       0       0       0
Total ram usage:        2 bytes
 Hardware stack levels used:    1
 Hardware stack levels required when called:    1
 This function calls:
		_Delay100TCYx
		_lcd_send_nibble
 This function is called by:
		_lcd_init
		_lcd_gotoxy
		_lcd_putc
		_lcd_comand
		_lcd_setcursor_vb
 This function uses a non-reentrant model


 *************** function _lcd_send_nibble *****************
 Defined at:
		line 25 in file "C:/Archivos de programa/Unimic/unmc_01/sources/unmc_lcd_216.c"
 Parameters:    Size  Location     Type
  nibble          1    wreg     unsigned char 
 Auto vars:     Size  Location     Type
  nibble          1    1[COMRAM] unsigned char 
 Return value:  Size  Location     Type
		None               void
 Registers used:
		wreg, status,2, status,0
 Tracked objects:
		On entry : 
		On exit  : 
		Unchanged: 
 Data sizes:     COMRAM   BANK0   BANK1   BANK2   BANK3   BANK4   BANK5   BANK6   BANK7   BANK8   BANK9  BANK10  BANK11  BANK12  BANK13  BANK14
      Params:         0       0       0       0       0       0       0       0       0       0       0       0       0       0       0       0
      Locals:         1       0       0       0       0       0       0       0       0       0       0       0       0       0       0       0
      Temps:          1       0       0       0       0       0       0       0       0       0       0       0       0       0       0       0
      Totals:         2       0       0       0       0       0       0       0       0       0       0       0       0       0       0       0
Total ram usage:        2 bytes
 Hardware stack levels used:    1
 This function calls:
		Nothing
 This function is called by:
		_lcd_send_byte
		_lcd_init
 This function uses a non-reentrant model


 *************** function _Delay100TCYx *****************
 Defined at:
		line 8 in file "C:\Program Files\Microchip\xc8\v1.34\sources\pic18\d100tcyx.c"
 Parameters:    Size  Location     Type
  unit            1    wreg     unsigned char 
 Auto vars:     Size  Location     Type
  unit            1    0[COMRAM] unsigned char 
 Return value:  Size  Location     Type
		None               void
 Registers used:
		wreg
 Tracked objects:
		On entry : 
		On exit  : 
		Unchanged: 
 Data sizes:     COMRAM   BANK0   BANK1   BANK2   BANK3   BANK4   BANK5   BANK6   BANK7   BANK8   BANK9  BANK10  BANK11  BANK12  BANK13  BANK14
      Params:         0       0       0       0       0       0       0       0       0       0       0       0       0       0       0       0
      Locals:         1       0       0       0       0       0       0       0       0       0       0       0       0       0       0       0
      Temps:          0       0       0       0       0       0       0       0       0       0       0       0       0       0       0       0
      Totals:         1       0       0       0       0       0       0       0       0       0       0       0       0       0       0       0
Total ram usage:        1 bytes
 Hardware stack levels used:    1
 This function calls:
		Nothing
 This function is called by:
		_lcd_send_byte
 This function uses a non-reentrant model


 *************** function _Delay1KTCYx *****************
 Defined at:
		line 8 in file "C:\Program Files\Microchip\xc8\v1.34\sources\pic18\d1ktcyx.c"
 Parameters:    Size  Location     Type
  unit            1    wreg     unsigned char 
 Auto vars:     Size  Location     Type
  unit            1    0[COMRAM] unsigned char 
 Return value:  Size  Location     Type
		None               void
 Registers used:
		wreg
 Tracked objects:
		On entry : 
		On exit  : 
		Unchanged: 
 Data sizes:     COMRAM   BANK0   BANK1   BANK2   BANK3   BANK4   BANK5   BANK6   BANK7   BANK8   BANK9  BANK10  BANK11  BANK12  BANK13  BANK14
      Params:         0       0       0       0       0       0       0       0       0       0       0       0       0       0       0       0
      Locals:         1       0       0       0       0       0       0       0       0       0       0       0       0       0       0       0
      Temps:          0       0       0       0       0       0       0       0       0       0       0       0       0       0       0       0
      Totals:         1       0       0       0       0       0       0       0       0       0       0       0       0       0       0       0
Total ram usage:        1 bytes
 Hardware stack levels used:    1
 This function calls:
		Nothing
 This function is called by:
		_lcd_init
		_DelayPORXLCD
 This function uses a non-reentrant model


 *************** function _Write_RTC *****************
 Defined at:
		line 22 in file "Unimic/sources/unmc_rtcc_01.c"
 Parameters:    Size  Location     Type
		None
 Auto vars:     Size  Location     Type
		None
 Return value:  Size  Location     Type
		None               void
 Registers used:
		wreg, fsr2l, fsr2h, status,2, status,0, prodl, prodh, cstack
 Tracked objects:
		On entry : 
		On exit  : 
		Unchanged: 
 Data sizes:     COMRAM   BANK0   BANK1   BANK2   BANK3   BANK4   BANK5   BANK6   BANK7   BANK8   BANK9  BANK10  BANK11  BANK12  BANK13  BANK14
      Params:         0       0       0       0       0       0       0       0       0       0       0       0       0       0       0       0
      Locals:         0       0       0       0       0       0       0       0       0       0       0       0       0       0       0       0
      Temps:          0       0       0       0       0       0       0       0       0       0       0       0       0       0       0       0
      Totals:         0       0       0       0       0       0       0       0       0       0       0       0       0       0       0       0
Total ram usage:        0 bytes
 Hardware stack levels used:    1
 Hardware stack levels required when called:    2
 This function calls:
		_RtccWrOn
		_RtccWriteDate
		_RtccWriteTime
		___awdiv
 This function is called by:
		_Setup
 This function uses a non-reentrant model


 *************** function ___awdiv *****************
 Defined at:
		line 8 in file "C:\Program Files\Microchip\xc8\v1.34\sources\common\awdiv.c"
 Parameters:    Size  Location     Type
  dividend        2    0[COMRAM] int 
  divisor         2    2[COMRAM] int 
 Auto vars:     Size  Location     Type
  quotient        2    6[COMRAM] int 
  sign            1    5[COMRAM] unsigned char 
  counter         1    4[COMRAM] unsigned char 
 Return value:  Size  Location     Type
                  2    0[COMRAM] int 
 Registers used:
		wreg, status,2, status,0
 Tracked objects:
		On entry : 
		On exit  : 
		Unchanged: 
 Data sizes:     COMRAM   BANK0   BANK1   BANK2   BANK3   BANK4   BANK5   BANK6   BANK7   BANK8   BANK9  BANK10  BANK11  BANK12  BANK13  BANK14
      Params:         4       0       0       0       0       0       0       0       0       0       0       0       0       0       0       0
      Locals:         4       0       0       0       0       0       0       0       0       0       0       0       0       0       0       0
      Temps:          0       0       0       0       0       0       0       0       0       0       0       0       0       0       0       0
      Totals:         8       0       0       0       0       0       0       0       0       0       0       0       0       0       0       0
Total ram usage:        8 bytes
 Hardware stack levels used:    1
 This function calls:
		Nothing
 This function is called by:
		_Write_RTC
		_write
		__delay_s
 This function uses a non-reentrant model


 *************** function _RtccWriteTime *****************
 Defined at:
		line 34 in file "C:\Program Files\Microchip\xc8\v1.34\sources\pic18\plib\rtcc\RtccWriteTime.c"
 Parameters:    Size  Location     Type
  pTm             2    0[COMRAM] PTR const struct .
		 -> RtccTime(4), 
  di              1    2[COMRAM] enum E7121
 Auto vars:     Size  Location     Type
  tempHourWDay    2    9[COMRAM] struct .
  tempMinSec      2    7[COMRAM] struct .
  wasWrEn         1    6[COMRAM] enum E7121
  wasAlrm         1    5[COMRAM] enum E7121
  wasOn           1    4[COMRAM] enum E7121
 Return value:  Size  Location     Type
                  1    wreg      enum E7121
 Registers used:
		wreg, fsr2l, fsr2h, status,2, status,0, cstack
 Tracked objects:
		On entry : 
		On exit  : 
		Unchanged: 
 Data sizes:     COMRAM   BANK0   BANK1   BANK2   BANK3   BANK4   BANK5   BANK6   BANK7   BANK8   BANK9  BANK10  BANK11  BANK12  BANK13  BANK14
      Params:         3       0       0       0       0       0       0       0       0       0       0       0       0       0       0       0
      Locals:         7       0       0       0       0       0       0       0       0       0       0       0       0       0       0       0
      Temps:          1       0       0       0       0       0       0       0       0       0       0       0       0       0       0       0
      Totals:        11       0       0       0       0       0       0       0       0       0       0       0       0       0       0       0
Total ram usage:       11 bytes
 Hardware stack levels used:    1
 Hardware stack levels required when called:    1
 This function calls:
		_RtccWrOn
 This function is called by:
		_Write_RTC
 This function uses a non-reentrant model


 *************** function _RtccWriteDate *****************
 Defined at:
		line 35 in file "C:\Program Files\Microchip\xc8\v1.34\sources\pic18\plib\rtcc\RtccWriteDate.c"
 Parameters:    Size  Location     Type
  pDt             2    0[COMRAM] PTR const struct .
		 -> RtccDate(4), 
  di              1    2[COMRAM] enum E7121
 Auto vars:     Size  Location     Type
  tempHourWDay    2   11[COMRAM] struct .
  tempDayMonth    2    9[COMRAM] struct .
  tempYear        2    6[COMRAM] struct .
  wasWrEn         1    8[COMRAM] enum E7121
  wasAlrm         1    5[COMRAM] enum E7121
  wasOn           1    4[COMRAM] enum E7121
 Return value:  Size  Location     Type
                  1    wreg      enum E7121
 Registers used:
		wreg, fsr2l, fsr2h, status,2, status,0, cstack
 Tracked objects:
		On entry : 
		On exit  : 
		Unchanged: 
 Data sizes:     COMRAM   BANK0   BANK1   BANK2   BANK3   BANK4   BANK5   BANK6   BANK7   BANK8   BANK9  BANK10  BANK11  BANK12  BANK13  BANK14
      Params:         3       0       0       0       0       0       0       0       0       0       0       0       0       0       0       0
      Locals:         9       0       0       0       0       0       0       0       0       0       0       0       0       0       0       0
      Temps:          1       0       0       0       0       0       0       0       0       0       0       0       0       0       0       0
      Totals:        13       0       0       0       0       0       0       0       0       0       0       0       0       0       0       0
Total ram usage:       13 bytes
 Hardware stack levels used:    1
 Hardware stack levels required when called:    1
 This function calls:
		_RtccWrOn
 This function is called by:
		_Write_RTC
 This function uses a non-reentrant model


 *************** function _RtccWrOn *****************
 Defined at:
		line 21 in file "C:\Program Files\Microchip\xc8\v1.34\sources\pic18\plib\rtcc\RtccWrOn.c"
 Parameters:    Size  Location     Type
		None
 Auto vars:     Size  Location     Type
  data            2    0        unsigned int 
 Return value:  Size  Location     Type
		None               void
 Registers used:
		wreg, status,2
 Tracked objects:
		On entry : 
		On exit  : 
		Unchanged: 
 Data sizes:     COMRAM   BANK0   BANK1   BANK2   BANK3   BANK4   BANK5   BANK6   BANK7   BANK8   BANK9  BANK10  BANK11  BANK12  BANK13  BANK14
      Params:         0       0       0       0       0       0       0       0       0       0       0       0       0       0       0       0
      Locals:         0       0       0       0       0       0       0       0       0       0       0       0       0       0       0       0
      Temps:          0       0       0       0       0       0       0       0       0       0       0       0       0       0       0       0
      Totals:         0       0       0       0       0       0       0       0       0       0       0       0       0       0       0       0
Total ram usage:        0 bytes
 Hardware stack levels used:    1
 This function calls:
		Nothing
 This function is called by:
		_Write_RTC
		_RtccWriteDate
		_RtccWriteTime
 This function uses a non-reentrant model



MODULE INFORMATION

Module		Function		Class		Link	Load	Size
C:\Program Files\Microchip\xc8\v1.34\sources\common\awtoft.c
		___awtoft      		CODE           	1C0A	0000	61

C:\Program Files\Microchip\xc8\v1.34\sources\common\awtoft.c estimated size: 61

C:\Program Files\Microchip\xc8\v1.34\sources\common\float.c
		___ftpack      		CODE           	1774	0000	199

C:\Program Files\Microchip\xc8\v1.34\sources\common\float.c estimated size: 199

ADconversor.c
		_read_temperatu		CODE           	1A7E	0000	113
		_calculate_temp		CODE           	1AEE	0000	85

ADconversor.c estimated size: 198

Unimic/sources/unmc_rtcc_01.c
		_Write_RTC     		CODE           	10CA	0000	353

Unimic/sources/unmc_rtcc_01.c estimated size: 353

C:\Program Files\Microchip\xc8\v1.34\sources\pic18\plib\rtcc\RtccWriteTime.c
		_RtccWriteTime 		CODE           	1370	0000	269

C:\Program Files\Microchip\xc8\v1.34\sources\pic18\plib\rtcc\RtccWriteTime.c estimated size: 269

C:\Program Files\Microchip\xc8\v1.34\sources\common\ftmul.c
		___ftmul       		CODE           	147C	0000	259

C:\Program Files\Microchip\xc8\v1.34\sources\common\ftmul.c estimated size: 259

C:\Program Files\Microchip\xc8\v1.34\sources\pic18\plib\rtcc\RtccWrOn.c
		_RtccWrOn      		CODE           	1CE4	0000	19

C:\Program Files\Microchip\xc8\v1.34\sources\pic18\plib\rtcc\RtccWrOn.c estimated size: 19

C:\Program Files\Microchip\xc8\v1.34\sources\common\awdiv.c
		___awdiv       		CODE           	18F2	0000	151

C:\Program Files\Microchip\xc8\v1.34\sources\common\awdiv.c estimated size: 151

C:\Program Files\Microchip\xc8\v1.34\sources\common\Umul16.c
		___wmul        		CODE           	1C78	0000	41

C:\Program Files\Microchip\xc8\v1.34\sources\common\Umul16.c estimated size: 41

C:\Program Files\Microchip\xc8\v1.34\sources\common\fttol.c
		___fttol       		CODE           	157E	0000	259

C:\Program Files\Microchip\xc8\v1.34\sources\common\fttol.c estimated size: 259

shared
		_LCD_INIT_STRIN		SMALLCONST     	0F01	0000	5
		__initializatio		CODE           	1B42	0000	59

shared estimated size: 64

display7seg.c
		_on_number     		CODE           	1680	0000	245
		_on_numbers    		CODE           	1CA0	0000	33
		_write         		CODE           	183A	0000	185
		_clear_Segment 		CODE           	1CF6	0000	17

display7seg.c estimated size: 480

C:\Program Files\Microchip\xc8\v1.34\sources\common\ftadd.c
		___ftadd       		CODE           	0F06	0000	453

C:\Program Files\Microchip\xc8\v1.34\sources\common\ftadd.c estimated size: 453

C:\Program Files\Microchip\xc8\v1.34\sources\pic18\d1ktcyx.c
		_Delay1KTCYx   		CODE           	1CD2	0000	19

C:\Program Files\Microchip\xc8\v1.34\sources\pic18\d1ktcyx.c estimated size: 19

C:\Program Files\Microchip\xc8\v1.34\sources\pic18\d100tcyx.c
		_Delay100TCYx  		CODE           	1CC0	0000	19

C:\Program Files\Microchip\xc8\v1.34\sources\pic18\d100tcyx.c estimated size: 19

C:\Program Files\Microchip\xc8\v1.34\sources\pic18\plib\rtcc\RtccWriteDate.c
		_RtccWriteDate 		CODE           	122A	0000	327

C:\Program Files\Microchip\xc8\v1.34\sources\pic18\plib\rtcc\RtccWriteDate.c estimated size: 327

C:/Archivos de programa/Unimic/unmc_01/sources/unmc_lcd_216.c
		_lcd_send_byte 		CODE           	1C46	0000	51
		_lcd_send_nibbl		CODE           	1A08	0000	119
		_lcd_init      		CODE           	1988	0000	129

C:/Archivos de programa/Unimic/unmc_01/sources/unmc_lcd_216.c estimated size: 299

main.c
		_main          		CODE           	1B86	0000	67
		_Setup         		CODE           	1BC8	0000	67
		_caratula      		CODE           	1D12	0000	3

main.c estimated size: 137

